#{ifdef TESTROM
#{if step>=1
f
#}if
#{if step>=3
o
#}if
#{if step>=4
r
#}if
#{if step>=4.1
t
#}if
#{if step>=4.2
h
#}if
#{if step>=4.3
 
#}if
#{if step>=24
t
#}if
#{if step>=27
h
#}if
#{if step>=31
 rom !
#}if
#}ifdef
